[2026-07-21T20:09:45.955Z] GET http://localhost:3000/ → 200 (86ms, 81106B)
[2026-07-21T20:09:46.049Z] GET http://localhost:3000/_next/static/media/clash_grotesk_500-s.p.326biwciwyjjy.woff2 → 200 (8ms, 19468B)
[2026-07-21T20:09:46.050Z] GET http://localhost:3000/_next/static/media/clash_grotesk_600-s.p.3tbgbssi07m98.woff2 → 200 (7ms, 19652B)
[2026-07-21T20:09:46.050Z] GET http://localhost:3000/_next/static/media/dc6d2a64e9dbf3bc-s.p.3mjzw95c0-_52.woff2 → 200 (6ms, 35856B)
[2026-07-21T20:09:46.050Z] GET http://localhost:3000/_next/image?url=%2Fnyc_logo_trimmed.png&w=96&q=75 → 200 (52ms, 754B)
[2026-07-21T20:09:46.050Z] GET http://localhost:3000/_next/image?url=%2Ffind_housing_help_image.png&w=1920&q=75 → 200 (12ms, 573722B)
[2026-07-21T20:09:46.050Z] GET http://localhost:3000/_next/static/chunks/%5Broot-of-the-server%5D__20v5iim._.css → 200 (13ms, 34500B)
[2026-07-21T20:09:46.050Z] GET http://localhost:3000/_next/static/chunks/%5Bturbopack%5D_browser_dev_hmr-client_hmr-client_ts_1rtdabu._.js → 200 (17ms, 675B)
[2026-07-21T20:09:46.050Z] GET http://localhost:3000/_next/static/chunks/1wje_next_dist_compiled_next-devtools_index_1su-fdy.js → 200 (62ms, 746618B)
[2026-07-21T20:09:46.050Z] GET http://localhost:3000/_next/static/chunks/1wje_next_dist_compiled_react-dom_1p9jn8m._.js → 200 (98ms, 1058686B)
[2026-07-21T20:09:46.051Z] GET http://localhost:3000/_next/static/chunks/1wje_next_dist_compiled_react-server-dom-turbopack_1v4p0-_._.js → 200 (53ms, 175003B)
[2026-07-21T20:09:46.051Z] GET http://localhost:3000/_next/static/chunks/1wje_next_dist_compiled_11tpxc7._.js → 200 (54ms, 145768B)
[2026-07-21T20:09:46.051Z] GET http://localhost:3000/_next/static/chunks/1wje_next_dist_client_1kcptyf._.js → 200 (70ms, 766584B)
[2026-07-21T20:09:46.051Z] GET http://localhost:3000/_next/static/chunks/1wje_next_dist_1r5rtyb._.js → 200 (55ms, 254479B)
[2026-07-21T20:09:46.052Z] GET http://localhost:3000/_next/static/chunks/1wje_%40swc_helpers_cjs_1gj0guz._.js → 200 (54ms, 2038B)
[2026-07-21T20:09:46.052Z] GET http://localhost:3000/_next/static/chunks/Desktop_NYCHousing_nyc_housing_1anvha4._.js → 200 (54ms, 700B)
[2026-07-21T20:09:46.052Z] GET http://localhost:3000/_next/static/chunks/turbopack-Desktop_NYCHousing_nyc_housing_1fn6qht._.js → 200 (55ms, 92387B)
[2026-07-21T20:09:46.052Z] GET http://localhost:3000/_next/static/chunks/1wje_next_dist_1oa_ias._.js → 200 (56ms, 213378B)
[2026-07-21T20:09:46.052Z] GET http://localhost:3000/_next/static/chunks/Desktop_NYCHousing_nyc_housing_app_layout_tsx_05vfwuz._.js → 200 (56ms, 307B)
[2026-07-21T20:09:46.053Z] GET http://localhost:3000/_next/static/chunks/1wje_next_dist_19wmp5a._.js → 200 (95ms, 169962B)
[2026-07-21T20:09:46.053Z] GET http://localhost:3000/_next/static/chunks/Desktop_NYCHousing_nyc_housing_app_page_tsx_1bh6z99._.js → 200 (58ms, 255B)
[2026-07-21T20:09:46.053Z] GET http://localhost:3000/_next/static/chunks/1wje_next_dist_client_components_builtin_global-error_1bh6z99.js → 200 (66ms, 212B)
[2026-07-21T20:09:46.101Z] GET http://localhost:3000/_next/image?url=%2Fnyc_housing_people.png&w=640&q=75 → 200 (25ms, 38910B)
[2026-07-21T20:09:46.101Z] GET http://localhost:3000/_next/image?url=%2Fmedia_icon.png&w=32&q=75 → 200 (32ms, 234B)
[2026-07-21T20:09:46.101Z] GET http://localhost:3000/_next/image?url=%2Fnyc_housing_resource_portal.png&w=384&q=75 → 200 (46ms, 4848B)
[2026-07-21T20:09:46.101Z] GET http://localhost:3000/_next/image?url=%2Fnyc_tenant_resource_portal.png&w=384&q=75 → 200 (32ms, 22632B)
[2026-07-21T20:09:46.101Z] GET http://localhost:3000/_next/image?url=%2Fnyc_housing_connect.png&w=384&q=75 → 200 (46ms, 4946B)
[2026-07-21T20:09:46.212Z] GET http://localhost:3000/_next/static/chunks/%5Bturbopack%5D_browser_dev_hmr-client_hmr-client_ts_1mojsay._.js → 200 (9ms, 15615B)
[2026-07-21T20:09:46.212Z] GET http://localhost:3000/_next/static/chunks/%5Bturbopack%5D_browser_dev_hmr-client_hmr-client_ts_0548uz2._.js → 200 (8ms, 289B)
[2026-07-21T20:09:48.320Z] GET http://localhost:3000/housingportal → 200 (100ms, 122010B)
[2026-07-21T20:09:48.423Z] GET http://localhost:3000/_next/static/media/clash_grotesk_500-s.p.326biwciwyjjy.woff2 → 200 (2ms, ?B)
[2026-07-21T20:09:48.425Z] GET http://localhost:3000/_next/static/media/clash_grotesk_600-s.p.3tbgbssi07m98.woff2 → 200 (?ms, ?B)
[2026-07-21T20:09:48.425Z] GET http://localhost:3000/_next/static/media/dc6d2a64e9dbf3bc-s.p.3mjzw95c0-_52.woff2 → 200 (?ms, ?B)
[2026-07-21T20:09:48.425Z] GET http://localhost:3000/_next/image?url=%2Fnyc_logo_trimmed.png&w=96&q=75 → 304 (5ms, ?B)
[2026-07-21T20:09:48.425Z] GET http://localhost:3000/_next/static/chunks/%5Broot-of-the-server%5D__20v5iim._.css → 304 (3ms, ?B)
[2026-07-21T20:09:48.425Z] GET http://localhost:3000/_next/static/chunks/%5Bturbopack%5D_browser_dev_hmr-client_hmr-client_ts_1rtdabu._.js → 304 (5ms, ?B)
[2026-07-21T20:09:48.425Z] GET http://localhost:3000/_next/static/chunks/1wje_next_dist_compiled_next-devtools_index_1su-fdy.js → 304 (3ms, ?B)
[2026-07-21T20:09:48.425Z] GET http://localhost:3000/_next/static/chunks/1wje_next_dist_compiled_react-dom_1p9jn8m._.js → 304 (4ms, ?B)
[2026-07-21T20:09:48.425Z] GET http://localhost:3000/_next/static/chunks/1wje_next_dist_compiled_react-server-dom-turbopack_1v4p0-_._.js → 304 (4ms, ?B)
[2026-07-21T20:09:48.426Z] GET http://localhost:3000/_next/static/chunks/1wje_next_dist_compiled_11tpxc7._.js → 304 (8ms, ?B)
[2026-07-21T20:09:48.426Z] GET http://localhost:3000/_next/static/chunks/1wje_next_dist_client_1kcptyf._.js → 304 (8ms, ?B)
[2026-07-21T20:09:48.426Z] GET http://localhost:3000/_next/static/chunks/1wje_next_dist_1r5rtyb._.js → 304 (8ms, ?B)
[2026-07-21T20:09:48.426Z] GET http://localhost:3000/_next/static/chunks/1wje_%40swc_helpers_cjs_1gj0guz._.js → pending (?ms, ?B)
[2026-07-21T20:09:48.426Z] GET http://localhost:3000/_next/static/chunks/Desktop_NYCHousing_nyc_housing_1anvha4._.js → 304 (8ms, ?B)
[2026-07-21T20:09:48.426Z] GET http://localhost:3000/_next/static/chunks/turbopack-Desktop_NYCHousing_nyc_housing_1fn6qht._.js → 304 (8ms, ?B)
[2026-07-21T20:09:48.426Z] GET http://localhost:3000/_next/static/chunks/1wje_next_dist_1oa_ias._.js → pending (?ms, ?B)
[2026-07-21T20:09:48.426Z] GET http://localhost:3000/_next/static/chunks/Desktop_NYCHousing_nyc_housing_app_layout_tsx_05vfwuz._.js → pending (?ms, ?B)
[2026-07-21T20:09:48.426Z] GET http://localhost:3000/_next/static/chunks/1wje_next_dist_0evnem7._.js → pending (?ms, ?B)
[2026-07-21T20:09:48.426Z] GET http://localhost:3000/_next/static/chunks/Desktop_NYCHousing_nyc_housing_app_housingportal_0v2-ih2._.js → pending (?ms, ?B)
[2026-07-21T20:09:48.426Z] GET http://localhost:3000/_next/static/chunks/Desktop_NYCHousing_nyc_housing_app_housingportal_page_tsx_1bh6z99._.js → pending (?ms, ?B)
[2026-07-21T20:09:48.426Z] GET http://localhost:3000/_next/static/chunks/1wje_next_dist_client_components_builtin_global-error_1bh6z99.js → pending (?ms, ?B)
[2026-07-21T20:09:48.444Z] GET https://www.nyc.gov/assets/housingportal/images/content/pages/nyc-housing-connect.jpg → pending (?ms, ?B)
[2026-07-21T20:09:48.444Z] GET https://www.nyc.gov/assets/housingportal/images/content/pages/erap.jpg → pending (?ms, ?B)
[2026-07-21T20:09:48.444Z] GET https://www.nyc.gov/assets/housingportal/images/content/pages/tenant-protection.jpg → pending (?ms, ?B)
[2026-07-21T20:09:48.444Z] GET https://www.nyc.gov/assets/housingportal/images/content/pages/IMG52_tenant-resource-portal.jpg → pending (?ms, ?B)
[2026-07-21T20:09:48.444Z] GET https://www.nyc.gov/assets/housingportal/images/content/pages/homeowner-help-desk.jpg → pending (?ms, ?B)
[2026-07-21T20:09:48.444Z] GET https://www.nyc.gov/assets/housingportal/images/content/pages/housing-ambassador-logo → pending (?ms, ?B)
[2026-07-21T20:09:48.444Z] GET https://www.nyc.gov/assets/housingportal/images/content/pages/46_HAPwD.png → pending (?ms, ?B)
[2026-07-21T20:09:48.445Z] GET https://www.nyc.gov/assets/housingportal/images/content/pages/IMG1_ApplicationGuide.png → pending (?ms, ?B)
[2026-07-21T20:09:48.445Z] GET https://www.nyc.gov/assets/housingportal/images/content/pages/nycha.jpg → pending (?ms, ?B)
[2026-07-21T20:09:48.445Z] GET https://www.nyc.gov/assets/housingportal/images/content/pages/universal-broadband.JPG → pending (?ms, ?B)
[2026-07-21T20:09:48.445Z] GET https://www.nyc.gov/assets/housingportal/images/content/pages/mitchell-lama-connect.jpg → pending (?ms, ?B)
[2026-07-21T20:09:48.445Z] GET https://www.nyc.gov/assets/housingportal/images/content/pages/nys-mitchell-lama.jpg → pending (?ms, ?B)
[2026-07-21T20:09:48.445Z] GET https://www.nyc.gov/assets/housingportal/images/content/pages/IMG7_HDC.png → pending (?ms, ?B)
[2026-07-21T20:09:48.445Z] GET https://www.nyc.gov/assets/housingportal/images/content/pages/hcr-housing-resources.jpg → pending (?ms, ?B)
[2026-07-21T20:09:48.445Z] GET https://www.nyc.gov/assets/housingportal/images/content/pages/IMG35_RentersRights.png → pending (?ms, ?B)
[2026-07-21T20:09:48.445Z] GET https://www.nyc.gov/assets/housingportal/images/content/pages/IMG10_LegalHelp.jpg → pending (?ms, ?B)
[2026-07-21T20:09:48.445Z] GET https://www.nyc.gov/assets/housingportal/images/content/pages/IMG11_Discrimination.jpg → pending (?ms, ?B)
[2026-07-21T20:09:48.445Z] GET https://www.nyc.gov/assets/housingportal/images/content/pages/IMG12_UnsafeHousing.png → pending (?ms, ?B)
[2026-07-21T20:09:48.445Z] GET https://www.nyc.gov/assets/housingportal/images/content/pages/IMG13_NYCHARepairs.png → pending (?ms, ?B)
[2026-07-21T20:09:48.445Z] GET https://www.nyc.gov/assets/housingportal/images/content/pages/IMG14_Rights.jpg → pending (?ms, ?B)
[2026-07-21T20:09:48.445Z] GET https://www.nyc.gov/assets/housingportal/images/content/pages/illegal-eviction.jpg → pending (?ms, ?B)
[2026-07-21T20:09:48.445Z] GET https://www.nyc.gov/assets/housingportal/images/content/pages/IMG17_FinancialCounseling.png → pending (?ms, ?B)
[2026-07-21T20:09:48.445Z] GET https://www.nyc.gov/assets/housingportal/images/content/pages/IMG18_OneShotDeal.png → pending (?ms, ?B)
[2026-07-21T20:09:48.445Z] GET https://www.nyc.gov/assets/housingportal/images/content/pages/IMG19_Homebase.png → pending (?ms, ?B)
[2026-07-21T20:09:48.445Z] GET https://www.nyc.gov/assets/housingportal/images/content/pages/IMG20_RentFreezeSeniors.jpg → pending (?ms, ?B)
[2026-07-21T20:09:48.445Z] GET https://www.nyc.gov/assets/housingportal/images/content/pages/IMG21_RentFreezeDisabilities.png → pending (?ms, ?B)
[2026-07-21T20:09:48.445Z] GET https://www.nyc.gov/assets/housingportal/images/content/pages/47_ResourcesPwD.png → pending (?ms, ?B)
[2026-07-21T20:09:48.445Z] GET https://www.nyc.gov/assets/housingportal/images/content/pages/IMG22_RentalGrants.png → pending (?ms, ?B)
[2026-07-21T20:09:48.446Z] GET https://www.nyc.gov/assets/housingportal/images/content/pages/IMG31_HeatUtilities.png → pending (?ms, ?B)
[2026-07-21T20:09:48.446Z] GET https://www.nyc.gov/assets/housingportal/images/content/pages/IMG53_property-owner-clinic.jpg → pending (?ms, ?B)
[2026-07-21T20:09:48.446Z] GET https://www.nyc.gov/assets/housingportal/images/content/pages/IMG56_ghpp.jpg → pending (?ms, ?B)
[2026-07-21T20:09:48.446Z] GET https://www.nyc.gov/assets/housingportal/images/content/pages/IMG57_homefix.JPG → pending (?ms, ?B)
[2026-07-21T20:09:48.452Z] GET http://localhost:3000/_next/static/chunks/%5Bturbopack%5D_browser_dev_hmr-client_hmr-client_ts_1mojsay._.js → 304 (5ms, ?B)
[2026-07-21T20:09:48.453Z] GET http://localhost:3000/_next/static/chunks/%5Bturbopack%5D_browser_dev_hmr-client_hmr-client_ts_0548uz2._.js → 304 (4ms, ?B)
[2026-07-21T20:09:48.942Z] GET http://localhost:3000/housing_placeholder.jpg → 200 (11ms, 30461B)
